// Jest Snapshot v1, https://goo.gl/fbAQLP

exports[`<CustomerRecord /> should match snapshot 1`] = `[Function]`;
